Archive member included to satisfy reference by file (symbol)

/usr/bin/../lib/gcc/arm-none-eabi/7.3.1/../../../../arm-none-eabi/lib/thumb/v7e-m/libg_nano.a(lib_a-memcpy-stub.o)
                              build/tcs_m4/flash_samd51.o (memcpy)

Allocating common symbols
Common symbol       size              file

b_sharp_received    0x1               build/tcs_m4/usart_sam_ba.o
block_erased        0x80              build/tcs_m4/flash_samd51.o
timerHigh           0x4               build/tcs_m4/utils.o
idx_rx_write        0x1               build/tcs_m4/usart_sam_ba.o
size_of_data        0x2               build/tcs_m4/usart_sam_ba.o
bootloader_page_buf
                    0x100             build/tcs_m4/selfmain.o
resetHorizon        0x4               build/tcs_m4/utils.o
idx_tx_read         0x1               build/tcs_m4/usart_sam_ba.o
buffer_tx_usart     0x80              build/tcs_m4/usart_sam_ba.o
error_timeout       0x1               build/tcs_m4/usart_sam_ba.o
mode_of_transfer    0x1               build/tcs_m4/usart_sam_ba.o
idx_rx_read         0x1               build/tcs_m4/usart_sam_ba.o
idx_tx_write        0x1               build/tcs_m4/usart_sam_ba.o
row_same            0x1000            build/tcs_m4/flash_samd51.o
buffer_rx_usart     0x80              build/tcs_m4/usart_sam_ba.o

Discarded input sections

 .text          0x0000000000000000        0x0 build/tcs_m4/flash_samd51.o
 .data          0x0000000000000000        0x0 build/tcs_m4/flash_samd51.o
 .bss           0x0000000000000000        0x0 build/tcs_m4/flash_samd51.o
 .text.flash_erase_block
                0x0000000000000000       0x20 build/tcs_m4/flash_samd51.o
 .text.flash_erase_to_end
                0x0000000000000000       0x34 build/tcs_m4/flash_samd51.o
 .text.copy_words
                0x0000000000000000       0x18 build/tcs_m4/flash_samd51.o
 .text          0x0000000000000000        0x0 build/tcs_m4/init_samd51.o
 .data          0x0000000000000000        0x0 build/tcs_m4/init_samd51.o
 .bss           0x0000000000000000        0x0 build/tcs_m4/init_samd51.o
 .data.current_cpu_frequency_MHz
                0x0000000000000000        0x4 build/tcs_m4/init_samd51.o
 .text          0x0000000000000000        0x0 build/tcs_m4/startup_samd51.o
 .data          0x0000000000000000        0x0 build/tcs_m4/startup_samd51.o
 .bss           0x0000000000000000        0x0 build/tcs_m4/startup_samd51.o
 .text          0x0000000000000000        0x0 build/tcs_m4/usart_sam_ba.o
 .data          0x0000000000000000        0x0 build/tcs_m4/usart_sam_ba.o
 .bss           0x0000000000000000        0x0 build/tcs_m4/usart_sam_ba.o
 .text.usart_open
                0x0000000000000000       0xb8 build/tcs_m4/usart_sam_ba.o
 .text.usart_close
                0x0000000000000000        0xc build/tcs_m4/usart_sam_ba.o
 .text.usart_putc
                0x0000000000000000       0x14 build/tcs_m4/usart_sam_ba.o
 .text.usart_getc
                0x0000000000000000       0x10 build/tcs_m4/usart_sam_ba.o
 .text.usart_sharp_received
                0x0000000000000000       0x24 build/tcs_m4/usart_sam_ba.o
 .text.usart_is_rx_ready
                0x0000000000000000       0x10 build/tcs_m4/usart_sam_ba.o
 .text.usart_readc
                0x0000000000000000       0x20 build/tcs_m4/usart_sam_ba.o
 .text.usart_putdata
                0x0000000000000000       0x24 build/tcs_m4/usart_sam_ba.o
 .text.usart_getdata
                0x0000000000000000       0x14 build/tcs_m4/usart_sam_ba.o
 .text.add_crc  0x0000000000000000       0x58 build/tcs_m4/usart_sam_ba.o
 .text.getbytes
                0x0000000000000000       0x84 build/tcs_m4/usart_sam_ba.o
 .text.getPacket
                0x0000000000000000       0x84 build/tcs_m4/usart_sam_ba.o
 .text.usart_putdata_xmd
                0x0000000000000000      0x148 build/tcs_m4/usart_sam_ba.o
 .text.usart_getdata_xmd
                0x0000000000000000       0xd8 build/tcs_m4/usart_sam_ba.o
 .bss.crcCache  0x0000000000000000      0x200 build/tcs_m4/usart_sam_ba.o
 .debug_info    0x0000000000000000     0x46b3 build/tcs_m4/usart_sam_ba.o
 .debug_abbrev  0x0000000000000000      0x549 build/tcs_m4/usart_sam_ba.o
 .debug_loc     0x0000000000000000      0x94a build/tcs_m4/usart_sam_ba.o
 .debug_aranges
                0x0000000000000000       0x88 build/tcs_m4/usart_sam_ba.o
 .debug_ranges  0x0000000000000000      0x190 build/tcs_m4/usart_sam_ba.o
 .debug_line    0x0000000000000000      0x497 build/tcs_m4/usart_sam_ba.o
 .debug_str     0x0000000000000000     0x1637 build/tcs_m4/usart_sam_ba.o
 .comment       0x0000000000000000       0x80 build/tcs_m4/usart_sam_ba.o
 .debug_frame   0x0000000000000000      0x1b0 build/tcs_m4/usart_sam_ba.o
 .ARM.attributes
                0x0000000000000000       0x33 build/tcs_m4/usart_sam_ba.o
 COMMON         0x0000000000000000      0x10c build/tcs_m4/usart_sam_ba.o
 .text          0x0000000000000000        0x0 build/tcs_m4/screen.o
 .data          0x0000000000000000        0x0 build/tcs_m4/screen.o
 .bss           0x0000000000000000        0x0 build/tcs_m4/screen.o
 .debug_info    0x0000000000000000      0x931 build/tcs_m4/screen.o
 .debug_abbrev  0x0000000000000000      0x197 build/tcs_m4/screen.o
 .debug_aranges
                0x0000000000000000       0x18 build/tcs_m4/screen.o
 .debug_line    0x0000000000000000      0x131 build/tcs_m4/screen.o
 .debug_str     0x0000000000000000      0x604 build/tcs_m4/screen.o
 .comment       0x0000000000000000       0x80 build/tcs_m4/screen.o
 .ARM.attributes
                0x0000000000000000       0x33 build/tcs_m4/screen.o
 .text          0x0000000000000000        0x0 build/tcs_m4/images.o
 .data          0x0000000000000000        0x0 build/tcs_m4/images.o
 .bss           0x0000000000000000        0x0 build/tcs_m4/images.o
 .rodata.arrowLogo
                0x0000000000000000       0x39 build/tcs_m4/images.o
 .rodata.fileLogo
                0x0000000000000000       0x4a build/tcs_m4/images.o
 .rodata.font8  0x0000000000000000      0x240 build/tcs_m4/images.o
 .rodata.pendriveLogo
                0x0000000000000000       0x3e build/tcs_m4/images.o
 .debug_info    0x0000000000000000      0x118 build/tcs_m4/images.o
 .debug_abbrev  0x0000000000000000       0x66 build/tcs_m4/images.o
 .debug_aranges
                0x0000000000000000       0x18 build/tcs_m4/images.o
 .debug_line    0x0000000000000000       0x90 build/tcs_m4/images.o
 .debug_str     0x0000000000000000      0x1b0 build/tcs_m4/images.o
 .comment       0x0000000000000000       0x80 build/tcs_m4/images.o
 .ARM.attributes
                0x0000000000000000       0x33 build/tcs_m4/images.o
 .text          0x0000000000000000        0x0 build/tcs_m4/utils.o
 .data          0x0000000000000000        0x0 build/tcs_m4/utils.o
 .bss           0x0000000000000000        0x0 build/tcs_m4/utils.o
 .text.panic    0x0000000000000000        0x4 build/tcs_m4/utils.o
 .text.writeNum
                0x0000000000000000       0x40 build/tcs_m4/utils.o
 .text.led_signal
                0x0000000000000000       0x2c build/tcs_m4/utils.o
 .text.timerTick
                0x0000000000000000       0x3c build/tcs_m4/utils.o
 .bss.timerLow  0x0000000000000000        0x4 build/tcs_m4/utils.o
 COMMON         0x0000000000000000        0x8 build/tcs_m4/utils.o
 .text          0x0000000000000000        0x0 build/tcs_m4/selfmain.o
 .data          0x0000000000000000        0x0 build/tcs_m4/selfmain.o
 .bss           0x0000000000000000        0x0 build/tcs_m4/selfmain.o
 .text          0x0000000000000000        0x0 build/tcs_m4/selfdata.o
 .data          0x0000000000000000        0x0 build/tcs_m4/selfdata.o
 .bss           0x0000000000000000        0x0 build/tcs_m4/selfdata.o
 .rodata.bootloader_crcs
                0x0000000000000000       0x20 build/tcs_m4/selfdata.o
 .text          0x0000000000000000        0x0 /usr/bin/../lib/gcc/arm-none-eabi/7.3.1/../../../../arm-none-eabi/lib/thumb/v7e-m/libg_nano.a(lib_a-memcpy-stub.o)
 .data          0x0000000000000000        0x0 /usr/bin/../lib/gcc/arm-none-eabi/7.3.1/../../../../arm-none-eabi/lib/thumb/v7e-m/libg_nano.a(lib_a-memcpy-stub.o)
 .bss           0x0000000000000000        0x0 /usr/bin/../lib/gcc/arm-none-eabi/7.3.1/../../../../arm-none-eabi/lib/thumb/v7e-m/libg_nano.a(lib_a-memcpy-stub.o)

Memory Configuration

Name             Origin             Length             Attributes
rom              0x0000000000004000 0x000000000007c000 xr
ram              0x0000000020000000 0x0000000000030000 xrw
bkupram          0x0000000047000000 0x0000000000002000 xrw
qspi             0x0000000004000000 0x0000000001000000 xrw
*default*        0x0000000000000000 0xffffffffffffffff

Linker script and memory map

LOAD build/tcs_m4/flash_samd51.o
LOAD build/tcs_m4/init_samd51.o
LOAD build/tcs_m4/startup_samd51.o
LOAD build/tcs_m4/usart_sam_ba.o
LOAD build/tcs_m4/screen.o
LOAD build/tcs_m4/images.o
LOAD build/tcs_m4/utils.o
LOAD build/tcs_m4/selfmain.o
LOAD build/tcs_m4/selfdata.o
START GROUP
LOAD /usr/bin/../lib/gcc/arm-none-eabi/7.3.1/thumb/v7e-m/libgcc.a
LOAD /usr/bin/../lib/gcc/arm-none-eabi/7.3.1/../../../../arm-none-eabi/lib/thumb/v7e-m/libg_nano.a
LOAD /usr/bin/../lib/gcc/arm-none-eabi/7.3.1/../../../../arm-none-eabi/lib/thumb/v7e-m/libc_nano.a
END GROUP
START GROUP
LOAD /usr/bin/../lib/gcc/arm-none-eabi/7.3.1/thumb/v7e-m/libgcc.a
LOAD /usr/bin/../lib/gcc/arm-none-eabi/7.3.1/../../../../arm-none-eabi/lib/thumb/v7e-m/libc_nano.a
LOAD /usr/bin/../lib/gcc/arm-none-eabi/7.3.1/../../../../arm-none-eabi/lib/thumb/v7e-m/libnosys.a
END GROUP
START GROUP
LOAD /usr/bin/../lib/gcc/arm-none-eabi/7.3.1/thumb/v7e-m/libgcc.a
LOAD /usr/bin/../lib/gcc/arm-none-eabi/7.3.1/../../../../arm-none-eabi/lib/thumb/v7e-m/libc_nano.a
LOAD /usr/bin/../lib/gcc/arm-none-eabi/7.3.1/../../../../arm-none-eabi/lib/thumb/v7e-m/libnosys.a
END GROUP
                0x000000000000c000                STACK_SIZE = DEFINED (STACK_SIZE)?STACK_SIZE:DEFINED (__stack_size__)?__stack_size__:0xc000

.text           0x0000000000004000     0x490c
                0x0000000000004000                . = ALIGN (0x4)
                0x0000000000004000                _sfixed = .
 *(.vectors .vectors.*)
 .vectors       0x0000000000004000      0x264 build/tcs_m4/startup_samd51.o
                0x0000000000004000                exception_table
 *(.text .text.* .gnu.linkonce.t.*)
 .text.flash_write_words
                0x0000000000004264       0x6c build/tcs_m4/flash_samd51.o
                0x0000000000004264                flash_write_words
 .text.flash_write_row
                0x00000000000042d0      0x17c build/tcs_m4/flash_samd51.o
                0x00000000000042d0                flash_write_row
 .text.system_init
                0x000000000000444c       0xd0 build/tcs_m4/init_samd51.o
                0x000000000000444c                system_init
 .text.SysTick_Handler
                0x000000000000451c        0x4 build/tcs_m4/init_samd51.o
                0x000000000000451c                SysTick_Handler
 .text.Dummy_Handler
                0x0000000000004520        0x4 build/tcs_m4/startup_samd51.o
                0x0000000000004520                EIC_5_Handler
                0x0000000000004520                SERCOM0_2_Handler
                0x0000000000004520                DebugMon_Handler
                0x0000000000004520                EIC_13_Handler
                0x0000000000004520                EVSYS_0_Handler
                0x0000000000004520                TCC1_3_Handler
                0x0000000000004520                DAC_3_Handler
                0x0000000000004520                TRNG_Handler
                0x0000000000004520                HardFault_Handler
                0x0000000000004520                TC2_Handler
                0x0000000000004520                PDEC_2_Handler
                0x0000000000004520                EIC_4_Handler
                0x0000000000004520                AC_Handler
                0x0000000000004520                SERCOM3_1_Handler
                0x0000000000004520                TCC2_3_Handler
                0x0000000000004520                SERCOM3_2_Handler
                0x0000000000004520                PendSV_Handler
                0x0000000000004520                NMI_Handler
                0x0000000000004520                ADC1_1_Handler
                0x0000000000004520                EVSYS_3_Handler
                0x0000000000004520                PDEC_0_Handler
                0x0000000000004520                QSPI_Handler
                0x0000000000004520                TCC0_0_Handler
                0x0000000000004520                EIC_3_Handler
                0x0000000000004520                TAL_0_Handler
                0x0000000000004520                DAC_2_Handler
                0x0000000000004520                SERCOM0_0_Handler
                0x0000000000004520                RTC_Handler
                0x0000000000004520                UsageFault_Handler
                0x0000000000004520                SERCOM4_0_Handler
                0x0000000000004520                EIC_10_Handler
                0x0000000000004520                SERCOM0_3_Handler
                0x0000000000004520                EIC_11_Handler
                0x0000000000004520                EIC_9_Handler
                0x0000000000004520                OSC32KCTRL_Handler
                0x0000000000004520                TCC2_1_Handler
                0x0000000000004520                SUPC_1_Handler
                0x0000000000004520                TCC0_5_Handler
                0x0000000000004520                TCC0_6_Handler
                0x0000000000004520                EVSYS_1_Handler
                0x0000000000004520                TCC1_4_Handler
                0x0000000000004520                DMAC_0_Handler
                0x0000000000004520                WDT_Handler
                0x0000000000004520                EIC_8_Handler
                0x0000000000004520                EIC_15_Handler
                0x0000000000004520                SERCOM5_0_Handler
                0x0000000000004520                TC4_Handler
                0x0000000000004520                TC1_Handler
                0x0000000000004520                OSCCTRL_4_Handler
                0x0000000000004520                SERCOM4_3_Handler
                0x0000000000004520                EIC_12_Handler
                0x0000000000004520                DMAC_4_Handler
                0x0000000000004520                TCC4_2_Handler
                0x0000000000004520                PAC_Handler
                0x0000000000004520                TCC1_0_Handler
                0x0000000000004520                USB_0_Handler
                0x0000000000004520                OSCCTRL_0_Handler
                0x0000000000004520                EIC_0_Handler
                0x0000000000004520                OSCCTRL_3_Handler
                0x0000000000004520                SERCOM4_1_Handler
                0x0000000000004520                TC3_Handler
                0x0000000000004520                Dummy_Handler
                0x0000000000004520                TCC3_0_Handler
                0x0000000000004520                TCC2_2_Handler
                0x0000000000004520                SERCOM5_1_Handler
                0x0000000000004520                TCC1_1_Handler
                0x0000000000004520                DMAC_2_Handler
                0x0000000000004520                ADC0_0_Handler
                0x0000000000004520                SERCOM0_1_Handler
                0x0000000000004520                OSCCTRL_2_Handler
                0x0000000000004520                ADC1_0_Handler
                0x0000000000004520                TCC1_2_Handler
                0x0000000000004520                USB_1_Handler
                0x0000000000004520                PM_Handler
                0x0000000000004520                SERCOM2_3_Handler
                0x0000000000004520                DAC_4_Handler
                0x0000000000004520                TCC3_2_Handler
                0x0000000000004520                TCC0_2_Handler
                0x0000000000004520                DMAC_1_Handler
                0x0000000000004520                TCC4_0_Handler
                0x0000000000004520                USB_3_Handler
                0x0000000000004520                TCC2_0_Handler
                0x0000000000004520                PDEC_1_Handler
                0x0000000000004520                MemManage_Handler
                0x0000000000004520                TCC4_1_Handler
                0x0000000000004520                SERCOM5_3_Handler
                0x0000000000004520                USB_2_Handler
                0x0000000000004520                SVC_Handler
                0x0000000000004520                SDHC0_Handler
                0x0000000000004520                SERCOM1_1_Handler
                0x0000000000004520                I2S_Handler
                0x0000000000004520                EIC_2_Handler
                0x0000000000004520                PCC_Handler
                0x0000000000004520                DAC_0_Handler
                0x0000000000004520                TCC0_1_Handler
                0x0000000000004520                SERCOM1_3_Handler
                0x0000000000004520                EIC_6_Handler
                0x0000000000004520                OSCCTRL_1_Handler
                0x0000000000004520                SERCOM1_0_Handler
                0x0000000000004520                PUKCC_Handler
                0x0000000000004520                SERCOM2_1_Handler
                0x0000000000004520                SERCOM1_2_Handler
                0x0000000000004520                SERCOM3_0_Handler
                0x0000000000004520                EIC_1_Handler
                0x0000000000004520                SERCOM4_2_Handler
                0x0000000000004520                EVSYS_4_Handler
                0x0000000000004520                EIC_7_Handler
                0x0000000000004520                NVMCTRL_1_Handler
                0x0000000000004520                SERCOM5_2_Handler
                0x0000000000004520                SERCOM3_3_Handler
                0x0000000000004520                ADC0_1_Handler
                0x0000000000004520                SERCOM2_2_Handler
                0x0000000000004520                TCC3_1_Handler
                0x0000000000004520                EIC_14_Handler
                0x0000000000004520                DAC_1_Handler
                0x0000000000004520                NVMCTRL_0_Handler
                0x0000000000004520                TAL_1_Handler
                0x0000000000004520                MCLK_Handler
                0x0000000000004520                EVSYS_2_Handler
                0x0000000000004520                SUPC_0_Handler
                0x0000000000004520                BusFault_Handler
                0x0000000000004520                FREQM_Handler
                0x0000000000004520                TC0_Handler
                0x0000000000004520                TCC0_3_Handler
                0x0000000000004520                DMAC_3_Handler
                0x0000000000004520                TCC0_4_Handler
                0x0000000000004520                RAMECC_Handler
                0x0000000000004520                TC5_Handler
                0x0000000000004520                SERCOM2_0_Handler
                0x0000000000004520                AES_Handler
                0x0000000000004520                ICM_Handler
 .text.Reset_Handler
                0x0000000000004524       0x74 build/tcs_m4/startup_samd51.o
                0x0000000000004524                Reset_Handler
 .text.NVIC_SystemReset
                0x0000000000004598       0x20 build/tcs_m4/utils.o
 .text.neopixel_send_buffer_core
                0x00000000000045b8       0x38 build/tcs_m4/utils.o
 .text.delay    0x00000000000045f0       0x28 build/tcs_m4/utils.o
                0x00000000000045f0                delay
 .text.resetIntoBootloader
                0x0000000000004618       0x14 build/tcs_m4/utils.o
                0x0000000000004618                resetIntoBootloader
 .text.led_tick
                0x000000000000462c       0x98 build/tcs_m4/utils.o
                0x000000000000462c                led_tick
 .text.led_init
                0x00000000000046c4       0x14 build/tcs_m4/utils.o
                0x00000000000046c4                led_init
 .text.RGBLED_set_color
                0x00000000000046d8       0x64 build/tcs_m4/utils.o
                0x00000000000046d8                RGBLED_set_color
 .text.resetIntoApp
                0x000000000000473c       0x1c build/tcs_m4/utils.o
                0x000000000000473c                resetIntoApp
 .text.set_fuses_and_bootprot
                0x0000000000004758       0xf4 build/tcs_m4/selfmain.o
                0x0000000000004758                set_fuses_and_bootprot
 .text.startup.main
                0x000000000000484c       0xa8 build/tcs_m4/selfmain.o
                0x000000000000484c                main
 .text.memcpy   0x00000000000048f4       0x16 /usr/bin/../lib/gcc/arm-none-eabi/7.3.1/../../../../arm-none-eabi/lib/thumb/v7e-m/libg_nano.a(lib_a-memcpy-stub.o)
                0x00000000000048f4                memcpy
 *(.glue_7t)
 .glue_7t       0x000000000000490a        0x0 linker stubs
 *(.glue_7)
 .glue_7        0x000000000000490a        0x0 linker stubs
 *(.rodata .rodata* .gnu.linkonce.r.*)
 *fill*         0x000000000000490a        0x2 
 .rodata.bootloader
                0x000000000000490c     0x4000 build/tcs_m4/selfdata.o
                0x000000000000490c                bootloader
 *(.ARM.extab* .gnu.linkonce.armextab.*)
                0x000000000000890c                . = ALIGN (0x4)
 *(.init)
                0x000000000000890c                . = ALIGN (0x4)
                0x000000000000890c                __preinit_array_start = .
 *(.preinit_array)
                0x000000000000890c                __preinit_array_end = .
                0x000000000000890c                . = ALIGN (0x4)
                0x000000000000890c                __init_array_start = .
 *(SORT_BY_NAME(.init_array.*))
 *(.init_array)
                0x000000000000890c                __init_array_end = .
                0x000000000000890c                . = ALIGN (0x4)
 *crtbegin.o(.ctors)
 *(EXCLUDE_FILE(*crtend.o) .ctors)
 *(SORT_BY_NAME(.ctors.*))
 *crtend.o(.ctors)
                0x000000000000890c                . = ALIGN (0x4)
 *(.fini)
                0x000000000000890c                . = ALIGN (0x4)
                0x000000000000890c                __fini_array_start = .
 *(.fini_array)
 *(SORT_BY_NAME(.fini_array.*))
                0x000000000000890c                __fini_array_end = .
 *crtbegin.o(.dtors)
 *(EXCLUDE_FILE(*crtend.o) .dtors)
 *(SORT_BY_NAME(.dtors.*))
 *crtend.o(.dtors)
                0x000000000000890c                . = ALIGN (0x4)
                0x000000000000890c                _efixed = .
                [!provide]                        PROVIDE (__exidx_start = .)

.vfp11_veneer   0x000000000000890c        0x0
 .vfp11_veneer  0x000000000000890c        0x0 linker stubs

.v4_bx          0x000000000000890c        0x0
 .v4_bx         0x000000000000890c        0x0 linker stubs

.iplt           0x000000000000890c        0x0
 .iplt          0x000000000000890c        0x0 build/tcs_m4/flash_samd51.o

.igot.plt       0x000000000000890c        0x0
 .igot.plt      0x000000000000890c        0x0 build/tcs_m4/flash_samd51.o

.rel.dyn        0x000000000000890c        0x0
 .rel.iplt      0x000000000000890c        0x0 build/tcs_m4/flash_samd51.o

.ARM.exidx
 *(.ARM.exidx* .gnu.linkonce.armexidx.*)
                [!provide]                        PROVIDE (__exidx_end = .)
                0x000000000000890c                . = ALIGN (0x4)
                0x000000000000890c                _etext = .

.relocate       0x0000000020000000        0x4 load address 0x000000000000890c
                0x0000000020000000                . = ALIGN (0x4)
                0x0000000020000000                _srelocate = .
 *(.ramfunc .ramfunc.*)
 *(.data .data.*)
 .data.led_tick_step
                0x0000000020000000        0x1 build/tcs_m4/utils.o
                0x0000000020000000                led_tick_step
 .data.limit    0x0000000020000001        0x1 build/tcs_m4/utils.o
                0x0000000020000004                . = ALIGN (0x4)
 *fill*         0x0000000020000002        0x2 
                0x0000000020000004                _erelocate = .

.bkupram        0x0000000047000000        0x0
                0x0000000047000000                . = ALIGN (0x8)
                0x0000000047000000                _sbkupram = .
 *(.bkupram .bkupram.*)
                0x0000000047000000                . = ALIGN (0x8)
                0x0000000047000000                _ebkupram = .

.qspi           0x0000000004000000        0x0
                0x0000000004000000                . = ALIGN (0x8)
                0x0000000004000000                _sqspi = .
 *(.qspi .qspi.*)
                0x0000000004000000                . = ALIGN (0x8)
                0x0000000004000000                _eqspi = .

.bss            0x0000000020000004     0x118c load address 0x0000000000008910
                0x0000000020000004                . = ALIGN (0x4)
                0x0000000020000004                _sbss = .
                0x0000000020000004                _szero = .
 *(.bss .bss.*)
 .bss.led_tick_on
                0x0000000020000004        0x1 build/tcs_m4/utils.o
                0x0000000020000004                led_tick_on
 *fill*         0x0000000020000005        0x3 
 .bss.now       0x0000000020000008        0x4 build/tcs_m4/utils.o
 .bss.signal_end
                0x000000002000000c        0x4 build/tcs_m4/utils.o
 *(COMMON)
 COMMON         0x0000000020000010     0x1080 build/tcs_m4/flash_samd51.o
                0x0000000020000010                block_erased
                0x0000000020000090                row_same
 COMMON         0x0000000020001090      0x100 build/tcs_m4/selfmain.o
                0x0000000020001090                bootloader_page_buf
                0x0000000020001190                . = ALIGN (0x4)
                0x0000000020001190                _ebss = .
                0x0000000020001190                _ezero = .

.stack          0x0000000020001190     0xc000 load address 0x0000000000009a9c
                0x0000000020001190                . = ALIGN (0x8)
                0x0000000020001190                _sstack = .
                0x000000002000d190                . = (. + STACK_SIZE)
 *fill*         0x0000000020001190     0xc000 
                0x000000002000d190                . = ALIGN (0x8)
                0x000000002000d190                _estack = .
                0x000000002000d190                . = ALIGN (0x4)
                0x000000002000d190                _end = .
OUTPUT(build/tcs_m4/update-bootloader-tcs_m4-v3.14.0-10-gb17ca18.elf elf32-littlearm)

.debug_info     0x0000000000000000     0x89e0
 .debug_info    0x0000000000000000     0x15dd build/tcs_m4/flash_samd51.o
 .debug_info    0x00000000000015dd     0x32b7 build/tcs_m4/init_samd51.o
 .debug_info    0x0000000000004894      0xb7b build/tcs_m4/startup_samd51.o
 .debug_info    0x000000000000540f     0x1630 build/tcs_m4/utils.o
 .debug_info    0x0000000000006a3f     0x1eb8 build/tcs_m4/selfmain.o
 .debug_info    0x00000000000088f7       0xe9 build/tcs_m4/selfdata.o

.debug_abbrev   0x0000000000000000     0x102c
 .debug_abbrev  0x0000000000000000      0x350 build/tcs_m4/flash_samd51.o
 .debug_abbrev  0x0000000000000350      0x300 build/tcs_m4/init_samd51.o
 .debug_abbrev  0x0000000000000650      0x15c build/tcs_m4/startup_samd51.o
 .debug_abbrev  0x00000000000007ac      0x435 build/tcs_m4/utils.o
 .debug_abbrev  0x0000000000000be1      0x3d1 build/tcs_m4/selfmain.o
 .debug_abbrev  0x0000000000000fb2       0x7a build/tcs_m4/selfdata.o

.debug_loc      0x0000000000000000      0x9a4
 .debug_loc     0x0000000000000000      0x55b build/tcs_m4/flash_samd51.o
 .debug_loc     0x000000000000055b       0x3f build/tcs_m4/init_samd51.o
 .debug_loc     0x000000000000059a       0x4b build/tcs_m4/startup_samd51.o
 .debug_loc     0x00000000000005e5      0x21f build/tcs_m4/utils.o
 .debug_loc     0x0000000000000804      0x1a0 build/tcs_m4/selfmain.o

.debug_aranges  0x0000000000000000      0x148
 .debug_aranges
                0x0000000000000000       0x40 build/tcs_m4/flash_samd51.o
 .debug_aranges
                0x0000000000000040       0x28 build/tcs_m4/init_samd51.o
 .debug_aranges
                0x0000000000000068       0x28 build/tcs_m4/startup_samd51.o
 .debug_aranges
                0x0000000000000090       0x78 build/tcs_m4/utils.o
 .debug_aranges
                0x0000000000000108       0x28 build/tcs_m4/selfmain.o
 .debug_aranges
                0x0000000000000130       0x18 build/tcs_m4/selfdata.o

.debug_ranges   0x0000000000000000      0x350
 .debug_ranges  0x0000000000000000       0xf8 build/tcs_m4/flash_samd51.o
 .debug_ranges  0x00000000000000f8       0x50 build/tcs_m4/init_samd51.o
 .debug_ranges  0x0000000000000148       0x18 build/tcs_m4/startup_samd51.o
 .debug_ranges  0x0000000000000160       0xb8 build/tcs_m4/utils.o
 .debug_ranges  0x0000000000000218      0x138 build/tcs_m4/selfmain.o

.debug_line     0x0000000000000000      0xcc7
 .debug_line    0x0000000000000000      0x290 build/tcs_m4/flash_samd51.o
 .debug_line    0x0000000000000290      0x235 build/tcs_m4/init_samd51.o
 .debug_line    0x00000000000004c5      0x123 build/tcs_m4/startup_samd51.o
 .debug_line    0x00000000000005e8      0x370 build/tcs_m4/utils.o
 .debug_line    0x0000000000000958      0x2d4 build/tcs_m4/selfmain.o
 .debug_line    0x0000000000000c2c       0x9b build/tcs_m4/selfdata.o

.debug_str      0x0000000000000000     0x26eb
 .debug_str     0x0000000000000000      0x910 build/tcs_m4/flash_samd51.o
                                        0x9b9 (size before relaxing)
 .debug_str     0x0000000000000910      0xee4 build/tcs_m4/init_samd51.o
                                       0x17e5 (size before relaxing)
 .debug_str     0x00000000000017f4      0xb15 build/tcs_m4/startup_samd51.o
                                        0xd4f (size before relaxing)
 .debug_str     0x0000000000002309      0x302 build/tcs_m4/utils.o
                                        0x9bb (size before relaxing)
 .debug_str     0x000000000000260b       0xc8 build/tcs_m4/selfmain.o
                                        0xc58 (size before relaxing)
 .debug_str     0x00000000000026d3       0x18 build/tcs_m4/selfdata.o
                                        0x1c4 (size before relaxing)

.comment        0x0000000000000000       0x7f
 .comment       0x0000000000000000       0x7f build/tcs_m4/flash_samd51.o
                                         0x80 (size before relaxing)
 .comment       0x000000000000007f       0x80 build/tcs_m4/init_samd51.o
 .comment       0x000000000000007f       0x80 build/tcs_m4/startup_samd51.o
 .comment       0x000000000000007f       0x80 build/tcs_m4/utils.o
 .comment       0x000000000000007f       0x80 build/tcs_m4/selfmain.o
 .comment       0x000000000000007f       0x80 build/tcs_m4/selfdata.o

.ARM.attributes
                0x0000000000000000       0x33
 .ARM.attributes
                0x0000000000000000       0x33 build/tcs_m4/flash_samd51.o
 .ARM.attributes
                0x0000000000000033       0x33 build/tcs_m4/init_samd51.o
 .ARM.attributes
                0x0000000000000066       0x33 build/tcs_m4/startup_samd51.o
 .ARM.attributes
                0x0000000000000099       0x33 build/tcs_m4/utils.o
 .ARM.attributes
                0x00000000000000cc       0x33 build/tcs_m4/selfmain.o
 .ARM.attributes
                0x00000000000000ff       0x33 build/tcs_m4/selfdata.o
 .ARM.attributes
                0x0000000000000132       0x2e /usr/bin/../lib/gcc/arm-none-eabi/7.3.1/../../../../arm-none-eabi/lib/thumb/v7e-m/libg_nano.a(lib_a-memcpy-stub.o)

.debug_frame    0x0000000000000000      0x300
 .debug_frame   0x0000000000000000       0xac build/tcs_m4/flash_samd51.o
 .debug_frame   0x00000000000000ac       0x40 build/tcs_m4/init_samd51.o
 .debug_frame   0x00000000000000ec       0x38 build/tcs_m4/startup_samd51.o
 .debug_frame   0x0000000000000124      0x148 build/tcs_m4/utils.o
 .debug_frame   0x000000000000026c       0x6c build/tcs_m4/selfmain.o
 .debug_frame   0x00000000000002d8       0x28 /usr/bin/../lib/gcc/arm-none-eabi/7.3.1/../../../../arm-none-eabi/lib/thumb/v7e-m/libg_nano.a(lib_a-memcpy-stub.o)

Cross Reference Table

Symbol                                            File
AC_Handler                                        build/tcs_m4/startup_samd51.o
ADC0_0_Handler                                    build/tcs_m4/startup_samd51.o
ADC0_1_Handler                                    build/tcs_m4/startup_samd51.o
ADC1_0_Handler                                    build/tcs_m4/startup_samd51.o
ADC1_1_Handler                                    build/tcs_m4/startup_samd51.o
AES_Handler                                       build/tcs_m4/startup_samd51.o
BusFault_Handler                                  build/tcs_m4/startup_samd51.o
DAC_0_Handler                                     build/tcs_m4/startup_samd51.o
DAC_1_Handler                                     build/tcs_m4/startup_samd51.o
DAC_2_Handler                                     build/tcs_m4/startup_samd51.o
DAC_3_Handler                                     build/tcs_m4/startup_samd51.o
DAC_4_Handler                                     build/tcs_m4/startup_samd51.o
DMAC_0_Handler                                    build/tcs_m4/startup_samd51.o
DMAC_1_Handler                                    build/tcs_m4/startup_samd51.o
DMAC_2_Handler                                    build/tcs_m4/startup_samd51.o
DMAC_3_Handler                                    build/tcs_m4/startup_samd51.o
DMAC_4_Handler                                    build/tcs_m4/startup_samd51.o
DebugMon_Handler                                  build/tcs_m4/startup_samd51.o
Dummy_Handler                                     build/tcs_m4/startup_samd51.o
EIC_0_Handler                                     build/tcs_m4/startup_samd51.o
EIC_10_Handler                                    build/tcs_m4/startup_samd51.o
EIC_11_Handler                                    build/tcs_m4/startup_samd51.o
EIC_12_Handler                                    build/tcs_m4/startup_samd51.o
EIC_13_Handler                                    build/tcs_m4/startup_samd51.o
EIC_14_Handler                                    build/tcs_m4/startup_samd51.o
EIC_15_Handler                                    build/tcs_m4/startup_samd51.o
EIC_1_Handler                                     build/tcs_m4/startup_samd51.o
EIC_2_Handler                                     build/tcs_m4/startup_samd51.o
EIC_3_Handler                                     build/tcs_m4/startup_samd51.o
EIC_4_Handler                                     build/tcs_m4/startup_samd51.o
EIC_5_Handler                                     build/tcs_m4/startup_samd51.o
EIC_6_Handler                                     build/tcs_m4/startup_samd51.o
EIC_7_Handler                                     build/tcs_m4/startup_samd51.o
EIC_8_Handler                                     build/tcs_m4/startup_samd51.o
EIC_9_Handler                                     build/tcs_m4/startup_samd51.o
EVSYS_0_Handler                                   build/tcs_m4/startup_samd51.o
EVSYS_1_Handler                                   build/tcs_m4/startup_samd51.o
EVSYS_2_Handler                                   build/tcs_m4/startup_samd51.o
EVSYS_3_Handler                                   build/tcs_m4/startup_samd51.o
EVSYS_4_Handler                                   build/tcs_m4/startup_samd51.o
FREQM_Handler                                     build/tcs_m4/startup_samd51.o
HardFault_Handler                                 build/tcs_m4/startup_samd51.o
I2S_Handler                                       build/tcs_m4/startup_samd51.o
ICM_Handler                                       build/tcs_m4/startup_samd51.o
MCLK_Handler                                      build/tcs_m4/startup_samd51.o
MemManage_Handler                                 build/tcs_m4/startup_samd51.o
NMI_Handler                                       build/tcs_m4/startup_samd51.o
NVMCTRL_0_Handler                                 build/tcs_m4/startup_samd51.o
NVMCTRL_1_Handler                                 build/tcs_m4/startup_samd51.o
OSC32KCTRL_Handler                                build/tcs_m4/startup_samd51.o
OSCCTRL_0_Handler                                 build/tcs_m4/startup_samd51.o
OSCCTRL_1_Handler                                 build/tcs_m4/startup_samd51.o
OSCCTRL_2_Handler                                 build/tcs_m4/startup_samd51.o
OSCCTRL_3_Handler                                 build/tcs_m4/startup_samd51.o
OSCCTRL_4_Handler                                 build/tcs_m4/startup_samd51.o
PAC_Handler                                       build/tcs_m4/startup_samd51.o
PCC_Handler                                       build/tcs_m4/startup_samd51.o
PDEC_0_Handler                                    build/tcs_m4/startup_samd51.o
PDEC_1_Handler                                    build/tcs_m4/startup_samd51.o
PDEC_2_Handler                                    build/tcs_m4/startup_samd51.o
PM_Handler                                        build/tcs_m4/startup_samd51.o
PUKCC_Handler                                     build/tcs_m4/startup_samd51.o
PendSV_Handler                                    build/tcs_m4/startup_samd51.o
QSPI_Handler                                      build/tcs_m4/startup_samd51.o
RAMECC_Handler                                    build/tcs_m4/startup_samd51.o
RGBLED_set_color                                  build/tcs_m4/utils.o
RTC_Handler                                       build/tcs_m4/startup_samd51.o
Reset_Handler                                     build/tcs_m4/startup_samd51.o
SDHC0_Handler                                     build/tcs_m4/startup_samd51.o
SERCOM0_0_Handler                                 build/tcs_m4/startup_samd51.o
SERCOM0_1_Handler                                 build/tcs_m4/startup_samd51.o
SERCOM0_2_Handler                                 build/tcs_m4/startup_samd51.o
SERCOM0_3_Handler                                 build/tcs_m4/startup_samd51.o
SERCOM1_0_Handler                                 build/tcs_m4/startup_samd51.o
SERCOM1_1_Handler                                 build/tcs_m4/startup_samd51.o
SERCOM1_2_Handler                                 build/tcs_m4/startup_samd51.o
SERCOM1_3_Handler                                 build/tcs_m4/startup_samd51.o
SERCOM2_0_Handler                                 build/tcs_m4/startup_samd51.o
SERCOM2_1_Handler                                 build/tcs_m4/startup_samd51.o
SERCOM2_2_Handler                                 build/tcs_m4/startup_samd51.o
SERCOM2_3_Handler                                 build/tcs_m4/startup_samd51.o
SERCOM3_0_Handler                                 build/tcs_m4/startup_samd51.o
SERCOM3_1_Handler                                 build/tcs_m4/startup_samd51.o
SERCOM3_2_Handler                                 build/tcs_m4/startup_samd51.o
SERCOM3_3_Handler                                 build/tcs_m4/startup_samd51.o
SERCOM4_0_Handler                                 build/tcs_m4/startup_samd51.o
SERCOM4_1_Handler                                 build/tcs_m4/startup_samd51.o
SERCOM4_2_Handler                                 build/tcs_m4/startup_samd51.o
SERCOM4_3_Handler                                 build/tcs_m4/startup_samd51.o
SERCOM5_0_Handler                                 build/tcs_m4/startup_samd51.o
SERCOM5_1_Handler                                 build/tcs_m4/startup_samd51.o
SERCOM5_2_Handler                                 build/tcs_m4/startup_samd51.o
SERCOM5_3_Handler                                 build/tcs_m4/startup_samd51.o
SUPC_0_Handler                                    build/tcs_m4/startup_samd51.o
SUPC_1_Handler                                    build/tcs_m4/startup_samd51.o
SVC_Handler                                       build/tcs_m4/startup_samd51.o
SysTick_Handler                                   build/tcs_m4/init_samd51.o
TAL_0_Handler                                     build/tcs_m4/startup_samd51.o
TAL_1_Handler                                     build/tcs_m4/startup_samd51.o
TC0_Handler                                       build/tcs_m4/startup_samd51.o
TC1_Handler                                       build/tcs_m4/startup_samd51.o
TC2_Handler                                       build/tcs_m4/startup_samd51.o
TC3_Handler                                       build/tcs_m4/startup_samd51.o
TC4_Handler                                       build/tcs_m4/startup_samd51.o
TC5_Handler                                       build/tcs_m4/startup_samd51.o
TCC0_0_Handler                                    build/tcs_m4/startup_samd51.o
TCC0_1_Handler                                    build/tcs_m4/startup_samd51.o
TCC0_2_Handler                                    build/tcs_m4/startup_samd51.o
TCC0_3_Handler                                    build/tcs_m4/startup_samd51.o
TCC0_4_Handler                                    build/tcs_m4/startup_samd51.o
TCC0_5_Handler                                    build/tcs_m4/startup_samd51.o
TCC0_6_Handler                                    build/tcs_m4/startup_samd51.o
TCC1_0_Handler                                    build/tcs_m4/startup_samd51.o
TCC1_1_Handler                                    build/tcs_m4/startup_samd51.o
TCC1_2_Handler                                    build/tcs_m4/startup_samd51.o
TCC1_3_Handler                                    build/tcs_m4/startup_samd51.o
TCC1_4_Handler                                    build/tcs_m4/startup_samd51.o
TCC2_0_Handler                                    build/tcs_m4/startup_samd51.o
TCC2_1_Handler                                    build/tcs_m4/startup_samd51.o
TCC2_2_Handler                                    build/tcs_m4/startup_samd51.o
TCC2_3_Handler                                    build/tcs_m4/startup_samd51.o
TCC3_0_Handler                                    build/tcs_m4/startup_samd51.o
TCC3_1_Handler                                    build/tcs_m4/startup_samd51.o
TCC3_2_Handler                                    build/tcs_m4/startup_samd51.o
TCC4_0_Handler                                    build/tcs_m4/startup_samd51.o
TCC4_1_Handler                                    build/tcs_m4/startup_samd51.o
TCC4_2_Handler                                    build/tcs_m4/startup_samd51.o
TRNG_Handler                                      build/tcs_m4/startup_samd51.o
USB_0_Handler                                     build/tcs_m4/startup_samd51.o
USB_1_Handler                                     build/tcs_m4/startup_samd51.o
USB_2_Handler                                     build/tcs_m4/startup_samd51.o
USB_3_Handler                                     build/tcs_m4/startup_samd51.o
UsageFault_Handler                                build/tcs_m4/startup_samd51.o
WDT_Handler                                       build/tcs_m4/startup_samd51.o
_erelocate                                        build/tcs_m4/startup_samd51.o
_estack                                           build/tcs_m4/startup_samd51.o
_etext                                            build/tcs_m4/startup_samd51.o
_ezero                                            build/tcs_m4/startup_samd51.o
_sfixed                                           build/tcs_m4/startup_samd51.o
_srelocate                                        build/tcs_m4/startup_samd51.o
_szero                                            build/tcs_m4/startup_samd51.o
add_crc                                           build/tcs_m4/usart_sam_ba.o
arrowLogo                                         build/tcs_m4/images.o
b_sharp_received                                  build/tcs_m4/usart_sam_ba.o
block_erased                                      build/tcs_m4/flash_samd51.o
bootloader                                        build/tcs_m4/selfdata.o
                                                  build/tcs_m4/selfmain.o
bootloader_crcs                                   build/tcs_m4/selfdata.o
bootloader_page_buf                               build/tcs_m4/selfmain.o
buffer_rx_usart                                   build/tcs_m4/usart_sam_ba.o
buffer_tx_usart                                   build/tcs_m4/usart_sam_ba.o
copy_words                                        build/tcs_m4/flash_samd51.o
current_cpu_frequency_MHz                         build/tcs_m4/init_samd51.o
delay                                             build/tcs_m4/utils.o
                                                  build/tcs_m4/selfmain.o
error_timeout                                     build/tcs_m4/usart_sam_ba.o
exception_table                                   build/tcs_m4/startup_samd51.o
fileLogo                                          build/tcs_m4/images.o
flash_erase_block                                 build/tcs_m4/flash_samd51.o
flash_erase_to_end                                build/tcs_m4/flash_samd51.o
flash_write_row                                   build/tcs_m4/flash_samd51.o
                                                  build/tcs_m4/selfmain.o
flash_write_words                                 build/tcs_m4/flash_samd51.o
                                                  build/tcs_m4/selfmain.o
font8                                             build/tcs_m4/images.o
getPacket                                         build/tcs_m4/usart_sam_ba.o
idx_rx_read                                       build/tcs_m4/usart_sam_ba.o
idx_rx_write                                      build/tcs_m4/usart_sam_ba.o
idx_tx_read                                       build/tcs_m4/usart_sam_ba.o
idx_tx_write                                      build/tcs_m4/usart_sam_ba.o
led_init                                          build/tcs_m4/utils.o
                                                  build/tcs_m4/selfmain.o
led_signal                                        build/tcs_m4/utils.o
led_tick                                          build/tcs_m4/utils.o
                                                  build/tcs_m4/init_samd51.o
led_tick_on                                       build/tcs_m4/utils.o
led_tick_step                                     build/tcs_m4/utils.o
main                                              build/tcs_m4/selfmain.o
                                                  build/tcs_m4/startup_samd51.o
memcpy                                            /usr/bin/../lib/gcc/arm-none-eabi/7.3.1/../../../../arm-none-eabi/lib/thumb/v7e-m/libg_nano.a(lib_a-memcpy-stub.o)
                                                  build/tcs_m4/selfmain.o
                                                  build/tcs_m4/flash_samd51.o
mode_of_transfer                                  build/tcs_m4/usart_sam_ba.o
panic                                             build/tcs_m4/utils.o
pendriveLogo                                      build/tcs_m4/images.o
resetHorizon                                      build/tcs_m4/utils.o
resetIntoApp                                      build/tcs_m4/utils.o
                                                  build/tcs_m4/selfmain.o
resetIntoBootloader                               build/tcs_m4/utils.o
                                                  build/tcs_m4/selfmain.o
row_same                                          build/tcs_m4/flash_samd51.o
set_fuses_and_bootprot                            build/tcs_m4/selfmain.o
size_of_data                                      build/tcs_m4/usart_sam_ba.o
system_init                                       build/tcs_m4/init_samd51.o
                                                  build/tcs_m4/selfmain.o
timerHigh                                         build/tcs_m4/utils.o
timerTick                                         build/tcs_m4/utils.o
uart_basic_init                                   build/tcs_m4/usart_sam_ba.o
uart_disable                                      build/tcs_m4/usart_sam_ba.o
uart_read_byte                                    build/tcs_m4/usart_sam_ba.o
uart_write_byte                                   build/tcs_m4/usart_sam_ba.o
usart_close                                       build/tcs_m4/usart_sam_ba.o
usart_getc                                        build/tcs_m4/usart_sam_ba.o
usart_getdata                                     build/tcs_m4/usart_sam_ba.o
usart_getdata_xmd                                 build/tcs_m4/usart_sam_ba.o
usart_is_rx_ready                                 build/tcs_m4/usart_sam_ba.o
usart_open                                        build/tcs_m4/usart_sam_ba.o
usart_putc                                        build/tcs_m4/usart_sam_ba.o
usart_putdata                                     build/tcs_m4/usart_sam_ba.o
usart_putdata_xmd                                 build/tcs_m4/usart_sam_ba.o
usart_readc                                       build/tcs_m4/usart_sam_ba.o
usart_sharp_received                              build/tcs_m4/usart_sam_ba.o
writeNum                                          build/tcs_m4/utils.o
